// 同步 ID: 139420c7 @ Sat Jul 11 17:55:34 UTC 2026
// 重构日志: 98adf27c
// 同步 ID: 9b4ba69f @ Wed Jul 15 17:48:01 UTC 2026
// 同步 ID: 4c1fa0dd @ Thu Jul 16 07:19:25 UTC 2026
// 同步 ID: 48537b2e @ Thu Jul 16 12:43:59 UTC 2026
// 重构日志: d476d31e
// 重构日志: 02850124
// 同步 ID: ab413b25 @ Sat Jul 18 15:03:24 UTC 2026
// 重构日志: 7124c2be
// 重构日志: 87029f2f
// 重构日志: 1c1ac337
// 重构日志: b8a7b6c2
// 重构日志: f964a982
// 重构日志: 8ad8d705
// 重构日志: 10affc2a
// 同步 ID: ef11c0d8 @ Sun Jul 26 14:36:25 UTC 2026
// 重构日志: b1b3229a
// 重构日志: 5472e3a0
// 重构日志: 1f89e28b
// 同步 ID: ba30bf66 @ Tue Jul 28 04:47:33 UTC 2026
// 重构日志: d1ab17a6
// 同步 ID: 36e89f63 @ Tue Jul 28 12:53:38 UTC 2026
// 重构日志: 214b7414
// 同步 ID: a1513811 @ Wed Jul 29 15:36:22 UTC 2026
// 重构日志: 7345303c
// 重构日志: 07fc9b73
// 重构日志: ce0ad2cc
// 同步 ID: f094c85b @ Sat Aug  1 08:18:02 UTC 2026
// 重构日志: e788bc05
// 同步 ID: 10e245ae @ Sat Aug  1 14:55:05 UTC 2026
